Archive member included to satisfy reference by file (symbol)

c:/program files (x86)/atmel/studio/7.0/toolchain/avr8/avr8-gnu-toolchain/bin/../lib/gcc/avr/5.4.0/avr5\libgcc.a(_exit.o)
                              C:/Program Files (x86)/Atmel/Studio/7.0/Packs/atmel/ATmega_DFP/1.6.364/gcc/dev/atmega32/avr5/crtatmega32.o (exit)
c:/program files (x86)/atmel/studio/7.0/toolchain/avr8/avr8-gnu-toolchain/bin/../lib/gcc/avr/5.4.0/avr5\libgcc.a(_copy_data.o)
                              APP/APP.o (__do_copy_data)
c:/program files (x86)/atmel/studio/7.0/toolchain/avr8/avr8-gnu-toolchain/bin/../lib/gcc/avr/5.4.0/avr5\libgcc.a(_clear_bss.o)
                              APP/APP.o (__do_clear_bss)

Allocating common symbols
Common symbol       size              file

slave_protocol_selection
                    0x3               APP/APP.o
led_1_receiving     0x1               APP/APP.o
bcm_instance        0x10              APP/APP.o
packet_2            0x32              APP/APP.o
led_0_sending       0x1               APP/APP.o

Discarded input sections

 .data          0x00000000        0x0 C:/Program Files (x86)/Atmel/Studio/7.0/Packs/atmel/ATmega_DFP/1.6.364/gcc/dev/atmega32/avr5/crtatmega32.o
 .bss           0x00000000        0x0 C:/Program Files (x86)/Atmel/Studio/7.0/Packs/atmel/ATmega_DFP/1.6.364/gcc/dev/atmega32/avr5/crtatmega32.o
 .text          0x00000000        0x0 APP/APP.o
 .data          0x00000000        0x0 APP/APP.o
 .bss           0x00000000        0x0 APP/APP.o
 .text          0x00000000        0x0 ECUAL/LED/LED.o
 .data          0x00000000        0x0 ECUAL/LED/LED.o
 .bss           0x00000000        0x0 ECUAL/LED/LED.o
 .text.led_turn_on
                0x00000000       0x50 ECUAL/LED/LED.o
 .text.led_turn_off
                0x00000000       0x50 ECUAL/LED/LED.o
 .text          0x00000000        0x0 main.o
 .data          0x00000000        0x0 main.o
 .bss           0x00000000        0x0 main.o
 .text          0x00000000        0x0 MCAL/DIO/DIO.o
 .data          0x00000000        0x0 MCAL/DIO/DIO.o
 .bss           0x00000000        0x0 MCAL/DIO/DIO.o
 .text.gpio_pin_get_direction_status
                0x00000000       0x68 MCAL/DIO/DIO.o
 .text.gpio_pin_read_logic
                0x00000000       0x68 MCAL/DIO/DIO.o
 .text.gpio_pin_initialize
                0x00000000       0x26 MCAL/DIO/DIO.o
 .text.gpio_port_direction_initialize
                0x00000000       0x20 MCAL/DIO/DIO.o
 .text.gpio_port_get_direction_status
                0x00000000       0x2e MCAL/DIO/DIO.o
 .text.gpio_port_write_logic
                0x00000000       0x20 MCAL/DIO/DIO.o
 .text.gpio_port_read_logic
                0x00000000       0x2e MCAL/DIO/DIO.o
 .text.gpio_port_toggle_logic
                0x00000000       0x24 MCAL/DIO/DIO.o
 .text.gpio_port_low_nibble_direction_initialize
                0x00000000       0x2c MCAL/DIO/DIO.o
 .text.gpio_port_low_nibble_write_logic
                0x00000000       0x2c MCAL/DIO/DIO.o
 .text.gpio_port_high_nibble_direction_initialize
                0x00000000       0x2c MCAL/DIO/DIO.o
 .text.gpio_port_high_nibble_write_logic
                0x00000000       0x2c MCAL/DIO/DIO.o
 .text.gpio_init_INT0
                0x00000000       0x28 MCAL/DIO/DIO.o
 .text.gpio_init_INT1
                0x00000000       0x3a MCAL/DIO/DIO.o
 .text.gpio_enable_INT0
                0x00000000       0x28 MCAL/DIO/DIO.o
 .text.gpio_enable_INT1
                0x00000000       0x34 MCAL/DIO/DIO.o
 .text.gpio_disable_INT0
                0x00000000       0x20 MCAL/DIO/DIO.o
 .text.gpio_disable_INT1
                0x00000000       0x20 MCAL/DIO/DIO.o
 .text.gpio_set_callback_INT0_function
                0x00000000       0x14 MCAL/DIO/DIO.o
 .text.gpio_set_callback_INT1_function
                0x00000000       0x14 MCAL/DIO/DIO.o
 .text.INT0_vect
                0x00000000       0x4e MCAL/DIO/DIO.o
 .text.INT1_vect
                0x00000000       0x4e MCAL/DIO/DIO.o
 .rodata.PINx_registers
                0x00000000        0x8 MCAL/DIO/DIO.o
 .bss.callback_1
                0x00000000        0x2 MCAL/DIO/DIO.o
 .bss.callback_0
                0x00000000        0x2 MCAL/DIO/DIO.o
 .text          0x00000000        0x0 MCAL/UART/UART.o
 .data          0x00000000        0x0 MCAL/UART/UART.o
 .bss           0x00000000        0x0 MCAL/UART/UART.o
 .text.uart_deinit
                0x00000000       0x10 MCAL/UART/UART.o
 .text          0x00000000        0x0 SERVICE/BCM/BCM.o
 .data          0x00000000        0x0 SERVICE/BCM/BCM.o
 .bss           0x00000000        0x0 SERVICE/BCM/BCM.o
 .text.bcm_deinit
                0x00000000       0x10 SERVICE/BCM/BCM.o
 .text.bcm_send
                0x00000000       0x8e SERVICE/BCM/BCM.o
 .text          0x00000000        0x0 c:/program files (x86)/atmel/studio/7.0/toolchain/avr8/avr8-gnu-toolchain/bin/../lib/gcc/avr/5.4.0/avr5\libgcc.a(_exit.o)
 .data          0x00000000        0x0 c:/program files (x86)/atmel/studio/7.0/toolchain/avr8/avr8-gnu-toolchain/bin/../lib/gcc/avr/5.4.0/avr5\libgcc.a(_exit.o)
 .bss           0x00000000        0x0 c:/program files (x86)/atmel/studio/7.0/toolchain/avr8/avr8-gnu-toolchain/bin/../lib/gcc/avr/5.4.0/avr5\libgcc.a(_exit.o)
 .text.libgcc.mul
                0x00000000        0x0 c:/program files (x86)/atmel/studio/7.0/toolchain/avr8/avr8-gnu-toolchain/bin/../lib/gcc/avr/5.4.0/avr5\libgcc.a(_exit.o)
 .text.libgcc.div
                0x00000000        0x0 c:/program files (x86)/atmel/studio/7.0/toolchain/avr8/avr8-gnu-toolchain/bin/../lib/gcc/avr/5.4.0/avr5\libgcc.a(_exit.o)
 .text.libgcc   0x00000000        0x0 c:/program files (x86)/atmel/studio/7.0/toolchain/avr8/avr8-gnu-toolchain/bin/../lib/gcc/avr/5.4.0/avr5\libgcc.a(_exit.o)
 .text.libgcc.prologue
                0x00000000        0x0 c:/program files (x86)/atmel/studio/7.0/toolchain/avr8/avr8-gnu-toolchain/bin/../lib/gcc/avr/5.4.0/avr5\libgcc.a(_exit.o)
 .text.libgcc.builtins
                0x00000000        0x0 c:/program files (x86)/atmel/studio/7.0/toolchain/avr8/avr8-gnu-toolchain/bin/../lib/gcc/avr/5.4.0/avr5\libgcc.a(_exit.o)
 .text.libgcc.fmul
                0x00000000        0x0 c:/program files (x86)/atmel/studio/7.0/toolchain/avr8/avr8-gnu-toolchain/bin/../lib/gcc/avr/5.4.0/avr5\libgcc.a(_exit.o)
 .text.libgcc.fixed
                0x00000000        0x0 c:/program files (x86)/atmel/studio/7.0/toolchain/avr8/avr8-gnu-toolchain/bin/../lib/gcc/avr/5.4.0/avr5\libgcc.a(_exit.o)
 .text          0x00000000        0x0 c:/program files (x86)/atmel/studio/7.0/toolchain/avr8/avr8-gnu-toolchain/bin/../lib/gcc/avr/5.4.0/avr5\libgcc.a(_copy_data.o)
 .data          0x00000000        0x0 c:/program files (x86)/atmel/studio/7.0/toolchain/avr8/avr8-gnu-toolchain/bin/../lib/gcc/avr/5.4.0/avr5\libgcc.a(_copy_data.o)
 .bss           0x00000000        0x0 c:/program files (x86)/atmel/studio/7.0/toolchain/avr8/avr8-gnu-toolchain/bin/../lib/gcc/avr/5.4.0/avr5\libgcc.a(_copy_data.o)
 .text.libgcc.mul
                0x00000000        0x0 c:/program files (x86)/atmel/studio/7.0/toolchain/avr8/avr8-gnu-toolchain/bin/../lib/gcc/avr/5.4.0/avr5\libgcc.a(_copy_data.o)
 .text.libgcc.div
                0x00000000        0x0 c:/program files (x86)/atmel/studio/7.0/toolchain/avr8/avr8-gnu-toolchain/bin/../lib/gcc/avr/5.4.0/avr5\libgcc.a(_copy_data.o)
 .text.libgcc   0x00000000        0x0 c:/program files (x86)/atmel/studio/7.0/toolchain/avr8/avr8-gnu-toolchain/bin/../lib/gcc/avr/5.4.0/avr5\libgcc.a(_copy_data.o)
 .text.libgcc.prologue
                0x00000000        0x0 c:/program files (x86)/atmel/studio/7.0/toolchain/avr8/avr8-gnu-toolchain/bin/../lib/gcc/avr/5.4.0/avr5\libgcc.a(_copy_data.o)
 .text.libgcc.builtins
                0x00000000        0x0 c:/program files (x86)/atmel/studio/7.0/toolchain/avr8/avr8-gnu-toolchain/bin/../lib/gcc/avr/5.4.0/avr5\libgcc.a(_copy_data.o)
 .text.libgcc.fmul
                0x00000000        0x0 c:/program files (x86)/atmel/studio/7.0/toolchain/avr8/avr8-gnu-toolchain/bin/../lib/gcc/avr/5.4.0/avr5\libgcc.a(_copy_data.o)
 .text.libgcc.fixed
                0x00000000        0x0 c:/program files (x86)/atmel/studio/7.0/toolchain/avr8/avr8-gnu-toolchain/bin/../lib/gcc/avr/5.4.0/avr5\libgcc.a(_copy_data.o)
 .text          0x00000000        0x0 c:/program files (x86)/atmel/studio/7.0/toolchain/avr8/avr8-gnu-toolchain/bin/../lib/gcc/avr/5.4.0/avr5\libgcc.a(_clear_bss.o)
 .data          0x00000000        0x0 c:/program files (x86)/atmel/studio/7.0/toolchain/avr8/avr8-gnu-toolchain/bin/../lib/gcc/avr/5.4.0/avr5\libgcc.a(_clear_bss.o)
 .bss           0x00000000        0x0 c:/program files (x86)/atmel/studio/7.0/toolchain/avr8/avr8-gnu-toolchain/bin/../lib/gcc/avr/5.4.0/avr5\libgcc.a(_clear_bss.o)
 .text.libgcc.mul
                0x00000000        0x0 c:/program files (x86)/atmel/studio/7.0/toolchain/avr8/avr8-gnu-toolchain/bin/../lib/gcc/avr/5.4.0/avr5\libgcc.a(_clear_bss.o)
 .text.libgcc.div
                0x00000000        0x0 c:/program files (x86)/atmel/studio/7.0/toolchain/avr8/avr8-gnu-toolchain/bin/../lib/gcc/avr/5.4.0/avr5\libgcc.a(_clear_bss.o)
 .text.libgcc   0x00000000        0x0 c:/program files (x86)/atmel/studio/7.0/toolchain/avr8/avr8-gnu-toolchain/bin/../lib/gcc/avr/5.4.0/avr5\libgcc.a(_clear_bss.o)
 .text.libgcc.prologue
                0x00000000        0x0 c:/program files (x86)/atmel/studio/7.0/toolchain/avr8/avr8-gnu-toolchain/bin/../lib/gcc/avr/5.4.0/avr5\libgcc.a(_clear_bss.o)
 .text.libgcc.builtins
                0x00000000        0x0 c:/program files (x86)/atmel/studio/7.0/toolchain/avr8/avr8-gnu-toolchain/bin/../lib/gcc/avr/5.4.0/avr5\libgcc.a(_clear_bss.o)
 .text.libgcc.fmul
                0x00000000        0x0 c:/program files (x86)/atmel/studio/7.0/toolchain/avr8/avr8-gnu-toolchain/bin/../lib/gcc/avr/5.4.0/avr5\libgcc.a(_clear_bss.o)
 .text.libgcc.fixed
                0x00000000        0x0 c:/program files (x86)/atmel/studio/7.0/toolchain/avr8/avr8-gnu-toolchain/bin/../lib/gcc/avr/5.4.0/avr5\libgcc.a(_clear_bss.o)

Memory Configuration

Name             Origin             Length             Attributes
text             0x00000000         0x00008000         xr
data             0x00800060         0x00000800         rw !x
eeprom           0x00810000         0x00000400         rw !x
fuse             0x00820000         0x00000002         rw !x
lock             0x00830000         0x00000400         rw !x
signature        0x00840000         0x00000400         rw !x
user_signatures  0x00850000         0x00000400         rw !x
*default*        0x00000000         0xffffffff

Linker script and memory map

LOAD C:/Program Files (x86)/Atmel/Studio/7.0/Packs/atmel/ATmega_DFP/1.6.364/gcc/dev/atmega32/avr5/crtatmega32.o
LOAD APP/APP.o
LOAD ECUAL/LED/LED.o
LOAD main.o
LOAD MCAL/DIO/DIO.o
LOAD MCAL/UART/UART.o
LOAD SERVICE/BCM/BCM.o
START GROUP
LOAD c:/program files (x86)/atmel/studio/7.0/toolchain/avr8/avr8-gnu-toolchain/bin/../lib/gcc/avr/5.4.0/../../../../avr/lib/avr5\libm.a
END GROUP
START GROUP
LOAD c:/program files (x86)/atmel/studio/7.0/toolchain/avr8/avr8-gnu-toolchain/bin/../lib/gcc/avr/5.4.0/avr5\libgcc.a
LOAD c:/program files (x86)/atmel/studio/7.0/toolchain/avr8/avr8-gnu-toolchain/bin/../lib/gcc/avr/5.4.0/../../../../avr/lib/avr5\libm.a
LOAD c:/program files (x86)/atmel/studio/7.0/toolchain/avr8/avr8-gnu-toolchain/bin/../lib/gcc/avr/5.4.0/../../../../avr/lib/avr5\libc.a
LOAD C:/Program Files (x86)/Atmel/Studio/7.0/Packs/atmel/ATmega_DFP/1.6.364/gcc/dev/atmega32/avr5\libatmega32.a
END GROUP
                0x00000000                __TEXT_REGION_ORIGIN__ = DEFINED (__TEXT_REGION_ORIGIN__)?__TEXT_REGION_ORIGIN__:0x0
                [0x00800060]                __DATA_REGION_ORIGIN__ = DEFINED (__DATA_REGION_ORIGIN__)?__DATA_REGION_ORIGIN__:0x800060
                [0x00008000]                __TEXT_REGION_LENGTH__ = DEFINED (__TEXT_REGION_LENGTH__)?__TEXT_REGION_LENGTH__:0x20000
                [0x00000800]                __DATA_REGION_LENGTH__ = DEFINED (__DATA_REGION_LENGTH__)?__DATA_REGION_LENGTH__:0xffa0
                [0x00000400]                __EEPROM_REGION_LENGTH__ = DEFINED (__EEPROM_REGION_LENGTH__)?__EEPROM_REGION_LENGTH__:0x10000
                [0x00000002]                __FUSE_REGION_LENGTH__ = DEFINED (__FUSE_REGION_LENGTH__)?__FUSE_REGION_LENGTH__:0x400
                0x00000400                __LOCK_REGION_LENGTH__ = DEFINED (__LOCK_REGION_LENGTH__)?__LOCK_REGION_LENGTH__:0x400
                0x00000400                __SIGNATURE_REGION_LENGTH__ = DEFINED (__SIGNATURE_REGION_LENGTH__)?__SIGNATURE_REGION_LENGTH__:0x400
                0x00000400                __USER_SIGNATURE_REGION_LENGTH__ = DEFINED (__USER_SIGNATURE_REGION_LENGTH__)?__USER_SIGNATURE_REGION_LENGTH__:0x400

.hash
 *(.hash)

.dynsym
 *(.dynsym)

.dynstr
 *(.dynstr)

.gnu.version
 *(.gnu.version)

.gnu.version_d
 *(.gnu.version_d)

.gnu.version_r
 *(.gnu.version_r)

.rel.init
 *(.rel.init)

.rela.init
 *(.rela.init)

.rel.text
 *(.rel.text)
 *(.rel.text.*)
 *(.rel.gnu.linkonce.t*)

.rela.text
 *(.rela.text)
 *(.rela.text.*)
 *(.rela.gnu.linkonce.t*)

.rel.fini
 *(.rel.fini)

.rela.fini
 *(.rela.fini)

.rel.rodata
 *(.rel.rodata)
 *(.rel.rodata.*)
 *(.rel.gnu.linkonce.r*)

.rela.rodata
 *(.rela.rodata)
 *(.rela.rodata.*)
 *(.rela.gnu.linkonce.r*)

.rel.data
 *(.rel.data)
 *(.rel.data.*)
 *(.rel.gnu.linkonce.d*)

.rela.data
 *(.rela.data)
 *(.rela.data.*)
 *(.rela.gnu.linkonce.d*)

.rel.ctors
 *(.rel.ctors)

.rela.ctors
 *(.rela.ctors)

.rel.dtors
 *(.rel.dtors)

.rela.dtors
 *(.rela.dtors)

.rel.got
 *(.rel.got)

.rela.got
 *(.rela.got)

.rel.bss
 *(.rel.bss)

.rela.bss
 *(.rela.bss)

.rel.plt
 *(.rel.plt)

.rela.plt
 *(.rela.plt)

.text           0x00000000      0x92c
 *(.vectors)
 .vectors       0x00000000       0x54 C:/Program Files (x86)/Atmel/Studio/7.0/Packs/atmel/ATmega_DFP/1.6.364/gcc/dev/atmega32/avr5/crtatmega32.o
                0x00000000                __vector_default
                0x00000000                __vectors
 *(.vectors)
 *(.progmem.gcc*)
                0x00000054                . = ALIGN (0x2)
                0x00000054                __trampolines_start = .
 *(.trampolines)
 .trampolines   0x00000054        0x0 linker stubs
 *(.trampolines*)
                0x00000054                __trampolines_end = .
 *libprintf_flt.a:*(.progmem.data)
 *libc.a:*(.progmem.data)
 *(.progmem*)
                0x00000054                . = ALIGN (0x2)
 *(.jumptables)
 *(.jumptables*)
 *(.lowtext)
 *(.lowtext*)
                0x00000054                __ctors_start = .
 *(.ctors)
                0x00000054                __ctors_end = .
                0x00000054                __dtors_start = .
 *(.dtors)
                0x00000054                __dtors_end = .
 SORT(*)(.ctors)
 SORT(*)(.dtors)
 *(.init0)
 .init0         0x00000054        0x0 C:/Program Files (x86)/Atmel/Studio/7.0/Packs/atmel/ATmega_DFP/1.6.364/gcc/dev/atmega32/avr5/crtatmega32.o
                0x00000054                __init
 *(.init0)
 *(.init1)
 *(.init1)
 *(.init2)
 .init2         0x00000054        0xc C:/Program Files (x86)/Atmel/Studio/7.0/Packs/atmel/ATmega_DFP/1.6.364/gcc/dev/atmega32/avr5/crtatmega32.o
 *(.init2)
 *(.init3)
 *(.init3)
 *(.init4)
 .init4         0x00000060       0x16 c:/program files (x86)/atmel/studio/7.0/toolchain/avr8/avr8-gnu-toolchain/bin/../lib/gcc/avr/5.4.0/avr5\libgcc.a(_copy_data.o)
                0x00000060                __do_copy_data
 .init4         0x00000076       0x10 c:/program files (x86)/atmel/studio/7.0/toolchain/avr8/avr8-gnu-toolchain/bin/../lib/gcc/avr/5.4.0/avr5\libgcc.a(_clear_bss.o)
                0x00000076                __do_clear_bss
 *(.init4)
 *(.init5)
 *(.init5)
 *(.init6)
 *(.init6)
 *(.init7)
 *(.init7)
 *(.init8)
 *(.init8)
 *(.init9)
 .init9         0x00000086        0x8 C:/Program Files (x86)/Atmel/Studio/7.0/Packs/atmel/ATmega_DFP/1.6.364/gcc/dev/atmega32/avr5/crtatmega32.o
 *(.init9)
 *(.text)
 .text          0x0000008e        0x4 C:/Program Files (x86)/Atmel/Studio/7.0/Packs/atmel/ATmega_DFP/1.6.364/gcc/dev/atmega32/avr5/crtatmega32.o
                0x0000008e                __vector_1
                0x0000008e                __vector_12
                0x0000008e                __bad_interrupt
                0x0000008e                __vector_6
                0x0000008e                __vector_3
                0x0000008e                __vector_11
                0x0000008e                __vector_17
                0x0000008e                __vector_19
                0x0000008e                __vector_7
                0x0000008e                __vector_5
                0x0000008e                __vector_4
                0x0000008e                __vector_9
                0x0000008e                __vector_2
                0x0000008e                __vector_8
                0x0000008e                __vector_10
                0x0000008e                __vector_16
                0x0000008e                __vector_18
                0x0000008e                __vector_20
                0x00000092                . = ALIGN (0x2)
 *(.text.*)
 .text.app_init
                0x00000092       0x5a APP/APP.o
                0x00000092                app_init
 .text.app_run  0x000000ec       0xa6 APP/APP.o
                0x000000ec                app_run
 .text.led_intialize
                0x00000192       0x62 ECUAL/LED/LED.o
                0x00000192                led_intialize
 .text.led_toggle
                0x000001f4       0x6e ECUAL/LED/LED.o
                0x000001f4                led_toggle
 .text.main     0x00000262        0xe main.o
                0x00000262                main
 .text.gpio_pin_direction_initialize
                0x00000270       0x88 MCAL/DIO/DIO.o
                0x00000270                gpio_pin_direction_initialize
 .text.gpio_pin_write_logic
                0x000002f8       0xa2 MCAL/DIO/DIO.o
                0x000002f8                gpio_pin_write_logic
 .text.gpio_pin_toggle_logic
                0x0000039a       0x50 MCAL/DIO/DIO.o
                0x0000039a                gpio_pin_toggle_logic
 .text.uart_init
                0x000003ea       0xca MCAL/UART/UART.o
                0x000003ea                uart_init
 .text.uart_write
                0x000004b4       0x16 MCAL/UART/UART.o
                0x000004b4                uart_write
 .text.uart_read
                0x000004ca       0x1a MCAL/UART/UART.o
                0x000004ca                uart_read
 .text.uart_write_INT
                0x000004e4       0x14 MCAL/UART/UART.o
                0x000004e4                uart_write_INT
 .text.uart_enable_UDRIE
                0x000004f8        0xa MCAL/UART/UART.o
                0x000004f8                uart_enable_UDRIE
 .text.uart_disable_UDRIE
                0x00000502        0xa MCAL/UART/UART.o
                0x00000502                uart_disable_UDRIE
 .text.uart_enable_RCIE
                0x0000050c        0xa MCAL/UART/UART.o
                0x0000050c                uart_enable_RCIE
 .text.uart_read_INT
                0x00000516       0x18 MCAL/UART/UART.o
                0x00000516                uart_read_INT
 .text.uart_disable_RCIE
                0x0000052e        0xa MCAL/UART/UART.o
                0x0000052e                uart_disable_RCIE
 .text.__vector_15
                0x00000538       0x14 MCAL/UART/UART.o
                0x00000538                __vector_15
 .text.__vector_13
                0x0000054c       0x4e MCAL/UART/UART.o
                0x0000054c                __vector_13
 .text.__vector_14
                0x0000059a       0x4e MCAL/UART/UART.o
                0x0000059a                __vector_14
 .text.uart_send_callback
                0x000005e8       0xba SERVICE/BCM/BCM.o
 .text.uart_receive_callback
                0x000006a2      0x13c SERVICE/BCM/BCM.o
 .text.bcm_init
                0x000007de       0x1e SERVICE/BCM/BCM.o
                0x000007de                bcm_init
 .text.bcm_send_n
                0x000007fc       0x90 SERVICE/BCM/BCM.o
                0x000007fc                bcm_send_n
 .text.bcm_dispatcher
                0x0000088c       0x28 SERVICE/BCM/BCM.o
                0x0000088c                bcm_dispatcher
 .text.bcm_receive_n
                0x000008b4       0x74 SERVICE/BCM/BCM.o
                0x000008b4                bcm_receive_n
                0x00000928                . = ALIGN (0x2)
 *(.fini9)
 .fini9         0x00000928        0x0 c:/program files (x86)/atmel/studio/7.0/toolchain/avr8/avr8-gnu-toolchain/bin/../lib/gcc/avr/5.4.0/avr5\libgcc.a(_exit.o)
                0x00000928                _exit
                0x00000928                exit
 *(.fini9)
 *(.fini8)
 *(.fini8)
 *(.fini7)
 *(.fini7)
 *(.fini6)
 *(.fini6)
 *(.fini5)
 *(.fini5)
 *(.fini4)
 *(.fini4)
 *(.fini3)
 *(.fini3)
 *(.fini2)
 *(.fini2)
 *(.fini1)
 *(.fini1)
 *(.fini0)
 .fini0         0x00000928        0x4 c:/program files (x86)/atmel/studio/7.0/toolchain/avr8/avr8-gnu-toolchain/bin/../lib/gcc/avr/5.4.0/avr5\libgcc.a(_exit.o)
 *(.fini0)
                0x0000092c                _etext = .

.data           0x00800060       0x78 load address 0x0000092c
                0x00800060                PROVIDE (__data_start, .)
 *(.data)
 *(.data*)
 .data.packet_1_length
                0x00800060        0x2 APP/APP.o
                0x00800060                packet_1_length
 .data.packet_1
                0x00800062       0x32 APP/APP.o
                0x00800062                packet_1
 .data.data_length
                0x00800094        0x2 APP/APP.o
                0x00800094                data_length
 .data.data     0x00800096       0x32 APP/APP.o
                0x00800096                data
 *(.gnu.linkonce.d*)
 *(.rodata)
 *(.rodata*)
 .rodata.PORTx_registers
                0x008000c8        0x8 MCAL/DIO/DIO.o
 .rodata.DDRx_registers
                0x008000d0        0x8 MCAL/DIO/DIO.o
 *(.gnu.linkonce.r*)
                0x008000d8                . = ALIGN (0x2)
                0x008000d8                _edata = .
                0x008000d8                PROVIDE (__data_end, .)

.bss            0x008000d8       0x6e
                0x008000d8                PROVIDE (__bss_start, .)
 *(.bss)
 *(.bss*)
 .bss.packet_2_length
                0x008000d8        0x2 APP/APP.o
                0x008000d8                packet_2_length
 .bss.receive_callback
                0x008000da        0x2 MCAL/UART/UART.o
                0x008000da                receive_callback
 .bss.send_callback
                0x008000dc        0x2 MCAL/UART/UART.o
                0x008000dc                send_callback
 .bss.data_counter.1731
                0x008000de        0x4 SERVICE/BCM/BCM.o
 .bss.data_counter.1726
                0x008000e2        0x4 SERVICE/BCM/BCM.o
 .bss.data_over_usart_state
                0x008000e6        0x1 SERVICE/BCM/BCM.o
 .bss.str_data_receive_refrence
                0x008000e7        0xc SERVICE/BCM/BCM.o
 .bss.str_data_slave_refrence
                0x008000f3        0xc SERVICE/BCM/BCM.o
 *(COMMON)
 COMMON         0x008000ff       0x47 APP/APP.o
                0x008000ff                slave_protocol_selection
                0x00800102                led_1_receiving
                0x00800103                bcm_instance
                0x00800113                packet_2
                0x00800145                led_0_sending
                0x00800146                PROVIDE (__bss_end, .)
                0x0000092c                __data_load_start = LOADADDR (.data)
                0x000009a4                __data_load_end = (__data_load_start + SIZEOF (.data))

.noinit         0x00800146        0x0
                [!provide]                PROVIDE (__noinit_start, .)
 *(.noinit*)
                [!provide]                PROVIDE (__noinit_end, .)
                0x00800146                _end = .
                [!provide]                PROVIDE (__heap_start, .)

.eeprom         0x00810000        0x0
 *(.eeprom*)
                0x00810000                __eeprom_end = .

.fuse
 *(.fuse)
 *(.lfuse)
 *(.hfuse)
 *(.efuse)

.lock
 *(.lock*)

.signature
 *(.signature*)

.user_signatures
 *(.user_signatures*)

.stab
 *(.stab)

.stabstr
 *(.stabstr)

.stab.excl
 *(.stab.excl)

.stab.exclstr
 *(.stab.exclstr)

.stab.index
 *(.stab.index)

.stab.indexstr
 *(.stab.indexstr)

.comment        0x00000000       0x30
 *(.comment)
 .comment       0x00000000       0x30 APP/APP.o
                                 0x31 (size before relaxing)
 .comment       0x00000030       0x31 ECUAL/LED/LED.o
 .comment       0x00000030       0x31 main.o
 .comment       0x00000030       0x31 MCAL/DIO/DIO.o
 .comment       0x00000030       0x31 MCAL/UART/UART.o
 .comment       0x00000030       0x31 SERVICE/BCM/BCM.o

.note.gnu.avr.deviceinfo
                0x00000000       0x3c
 .note.gnu.avr.deviceinfo
                0x00000000       0x3c C:/Program Files (x86)/Atmel/Studio/7.0/Packs/atmel/ATmega_DFP/1.6.364/gcc/dev/atmega32/avr5/crtatmega32.o

.note.gnu.build-id
 *(.note.gnu.build-id)

.debug
 *(.debug)

.line
 *(.line)

.debug_srcinfo
 *(.debug_srcinfo)

.debug_sfnames
 *(.debug_sfnames)

.debug_aranges  0x00000000      0x238
 *(.debug_aranges)
 .debug_aranges
                0x00000000       0x28 APP/APP.o
 .debug_aranges
                0x00000028       0x38 ECUAL/LED/LED.o
 .debug_aranges
                0x00000060       0x20 main.o
 .debug_aranges
                0x00000080       0xe0 MCAL/DIO/DIO.o
 .debug_aranges
                0x00000160       0x80 MCAL/UART/UART.o
 .debug_aranges
                0x000001e0       0x58 SERVICE/BCM/BCM.o

.debug_pubnames
 *(.debug_pubnames)

.debug_info     0x00000000     0x29a3
 *(.debug_info .gnu.linkonce.wi.*)
 .debug_info    0x00000000      0x4e6 C:/Program Files (x86)/Atmel/Studio/7.0/Packs/atmel/ATmega_DFP/1.6.364/gcc/dev/atmega32/avr5/crtatmega32.o
 .debug_info    0x000004e6      0x7b1 APP/APP.o
 .debug_info    0x00000c97      0x36f ECUAL/LED/LED.o
 .debug_info    0x00001006       0xc9 main.o
 .debug_info    0x000010cf      0xa43 MCAL/DIO/DIO.o
 .debug_info    0x00001b12      0x5ac MCAL/UART/UART.o
 .debug_info    0x000020be      0x8e5 SERVICE/BCM/BCM.o

.debug_abbrev   0x00000000      0xc12
 *(.debug_abbrev)
 .debug_abbrev  0x00000000      0x4a3 C:/Program Files (x86)/Atmel/Studio/7.0/Packs/atmel/ATmega_DFP/1.6.364/gcc/dev/atmega32/avr5/crtatmega32.o
 .debug_abbrev  0x000004a3      0x172 APP/APP.o
 .debug_abbrev  0x00000615      0x10e ECUAL/LED/LED.o
 .debug_abbrev  0x00000723       0x65 main.o
 .debug_abbrev  0x00000788      0x1ef MCAL/DIO/DIO.o
 .debug_abbrev  0x00000977      0x107 MCAL/UART/UART.o
 .debug_abbrev  0x00000a7e      0x194 SERVICE/BCM/BCM.o

.debug_line     0x00000000     0x10ef
 *(.debug_line .debug_line.* .debug_line_end)
 .debug_line    0x00000000      0x116 C:/Program Files (x86)/Atmel/Studio/7.0/Packs/atmel/ATmega_DFP/1.6.364/gcc/dev/atmega32/avr5/crtatmega32.o
 .debug_line    0x00000116      0x220 APP/APP.o
 .debug_line    0x00000336      0x186 ECUAL/LED/LED.o
 .debug_line    0x000004bc       0x5d main.o
 .debug_line    0x00000519      0x5da MCAL/DIO/DIO.o
 .debug_line    0x00000af3      0x2ca MCAL/UART/UART.o
 .debug_line    0x00000dbd      0x332 SERVICE/BCM/BCM.o

.debug_frame    0x00000000      0x5a4
 *(.debug_frame)
 .debug_frame   0x00000000       0x34 APP/APP.o
 .debug_frame   0x00000034       0xa0 ECUAL/LED/LED.o
 .debug_frame   0x000000d4       0x24 main.o
 .debug_frame   0x000000f8      0x240 MCAL/DIO/DIO.o
 .debug_frame   0x00000338      0x180 MCAL/UART/UART.o
 .debug_frame   0x000004b8       0xec SERVICE/BCM/BCM.o

.debug_str      0x00000000      0xf45
 *(.debug_str)
 .debug_str     0x00000000      0x196 C:/Program Files (x86)/Atmel/Studio/7.0/Packs/atmel/ATmega_DFP/1.6.364/gcc/dev/atmega32/avr5/crtatmega32.o
 .debug_str     0x00000196      0x75b APP/APP.o
                                0x7bf (size before relaxing)
 .debug_str     0x000008f1       0xed ECUAL/LED/LED.o
                                0x2ad (size before relaxing)
 .debug_str     0x000009de       0x11 main.o
                                0x1a0 (size before relaxing)
 .debug_str     0x000009ef      0x30d MCAL/DIO/DIO.o
                                0x603 (size before relaxing)
 .debug_str     0x00000cfc       0xd4 MCAL/UART/UART.o
                                0x5ce (size before relaxing)
 .debug_str     0x00000dd0      0x175 SERVICE/BCM/BCM.o
                                0x809 (size before relaxing)

.debug_loc      0x00000000     0x1a67
 *(.debug_loc)
 .debug_loc     0x00000000       0xb9 APP/APP.o
 .debug_loc     0x000000b9      0x2f8 ECUAL/LED/LED.o
 .debug_loc     0x000003b1      0xd4a MCAL/DIO/DIO.o
 .debug_loc     0x000010fb      0x3bd MCAL/UART/UART.o
 .debug_loc     0x000014b8      0x5af SERVICE/BCM/BCM.o

.debug_macinfo
 *(.debug_macinfo)

.debug_weaknames
 *(.debug_weaknames)

.debug_funcnames
 *(.debug_funcnames)

.debug_typenames
 *(.debug_typenames)

.debug_varnames
 *(.debug_varnames)

.debug_pubtypes
 *(.debug_pubtypes)

.debug_ranges   0x00000000      0x1f0
 *(.debug_ranges)
 .debug_ranges  0x00000000       0x30 APP/APP.o
 .debug_ranges  0x00000030       0x28 ECUAL/LED/LED.o
 .debug_ranges  0x00000058       0x10 main.o
 .debug_ranges  0x00000068       0xd0 MCAL/DIO/DIO.o
 .debug_ranges  0x00000138       0x70 MCAL/UART/UART.o
 .debug_ranges  0x000001a8       0x48 SERVICE/BCM/BCM.o

.debug_macro
 *(.debug_macro)
OUTPUT(BCM_MCU_2.elf elf32-avr)
LOAD linker stubs
